Component: ARM Compiler 5.06 update 6 (build 750) Tool: armlink [4d35ed]

==============================================================================

Section Cross References

    startup.o(RESET) refers to startup.o(STACK) for StackMem
    startup.o(RESET) refers to timer0.o(i.Timer0A_Handler) for Timer0A_Handler
    startup.o(RESET) refers to timer1.o(i.Timer1A_Handler) for Timer1A_Handler
    startup.o(RESET) refers to entry.o(.ARM.Collect$$$$00000000) for __main
    random.o(.text) refers to random.o(DATA) for M
    timer0.o(i.Timer0A_Handler) refers to arrow.o(.data) for songc
    timer0.o(i.Timer0A_Handler) refers to arrow.o(.bss) for checkarr
    timer1.o(i.Timer1A_Handler) refers to dac.o(i.DAC_Out) for DAC_Out
    timer1.o(i.Timer1A_Handler) refers to sound.o(.data) for SC
    timer1.o(i.Timer1A_Handler) refers to timer1.o(.data) for si
    timer1.o(i.Timer1A_Handler) refers to sound.o(.constdata) for BK
    print.o(.text) refers (Special) to st7735.o(i.ST7735_OutString) for ST7735_OutString
    print.o(.text) refers to st7735.o(i.ST7735_OutChar) for ST7735_OutChar
    st7735.o(i.Output_Clear) refers to st7735.o(i.ST7735_FillScreen) for ST7735_FillScreen
    st7735.o(i.Output_Color) refers to st7735.o(i.ST7735_SetTextColor) for ST7735_SetTextColor
    st7735.o(i.Output_Init) refers to st7735.o(i.ST7735_InitR) for ST7735_InitR
    st7735.o(i.Output_Init) refers to st7735.o(i.ST7735_FillScreen) for ST7735_FillScreen
    st7735.o(i.Output_Off) refers to st7735.o(i.Output_Clear) for Output_Clear
    st7735.o(i.Output_On) refers to st7735.o(i.Output_Init) for Output_Init
    st7735.o(i.ST7735_DrawBitmap) refers to st7735.o(i.setAddrWindow) for setAddrWindow
    st7735.o(i.ST7735_DrawBitmap) refers to lcd.o(.text) for writedata
    st7735.o(i.ST7735_DrawBitmap) refers to st7735.o(.data) for _width
    st7735.o(i.ST7735_DrawChar) refers to st7735.o(i.setAddrWindow) for setAddrWindow
    st7735.o(i.ST7735_DrawChar) refers to st7735.o(i.pushColor) for pushColor
    st7735.o(i.ST7735_DrawChar) refers to st7735.o(.data) for _width
    st7735.o(i.ST7735_DrawChar) refers to st7735.o(.constdata) for Font
    st7735.o(i.ST7735_DrawCharS) refers to st7735.o(i.ST7735_DrawPixel) for ST7735_DrawPixel
    st7735.o(i.ST7735_DrawCharS) refers to st7735.o(i.ST7735_FillRect) for ST7735_FillRect
    st7735.o(i.ST7735_DrawCharS) refers to st7735.o(.data) for _width
    st7735.o(i.ST7735_DrawCharS) refers to st7735.o(.constdata) for Font
    st7735.o(i.ST7735_DrawFastHLine) refers to st7735.o(i.setAddrWindow) for setAddrWindow
    st7735.o(i.ST7735_DrawFastHLine) refers to lcd.o(.text) for writedata
    st7735.o(i.ST7735_DrawFastHLine) refers to st7735.o(.data) for _width
    st7735.o(i.ST7735_DrawFastVLine) refers to st7735.o(i.setAddrWindow) for setAddrWindow
    st7735.o(i.ST7735_DrawFastVLine) refers to lcd.o(.text) for writedata
    st7735.o(i.ST7735_DrawFastVLine) refers to st7735.o(.data) for _width
    st7735.o(i.ST7735_DrawPicture) refers to st7735.o(i.ST7735_DrawPixel) for ST7735_DrawPixel
    st7735.o(i.ST7735_DrawPixel) refers to st7735.o(i.setAddrWindow) for setAddrWindow
    st7735.o(i.ST7735_DrawPixel) refers to st7735.o(i.pushColor) for pushColor
    st7735.o(i.ST7735_DrawPixel) refers to st7735.o(.data) for _width
    st7735.o(i.ST7735_DrawString) refers to st7735.o(i.ST7735_DrawCharS) for ST7735_DrawCharS
    st7735.o(i.ST7735_FillRect) refers to st7735.o(i.setAddrWindow) for setAddrWindow
    st7735.o(i.ST7735_FillRect) refers to lcd.o(.text) for writedata
    st7735.o(i.ST7735_FillRect) refers to st7735.o(.data) for _width
    st7735.o(i.ST7735_FillScreen) refers to st7735.o(i.ST7735_FillRect) for ST7735_FillRect
    st7735.o(i.ST7735_FillScreen) refers to st7735.o(.data) for _height
    st7735.o(i.ST7735_InitB) refers to st7735.o(i.commonInit) for commonInit
    st7735.o(i.ST7735_InitB) refers to st7735.o(i.ST7735_SetCursor) for ST7735_SetCursor
    st7735.o(i.ST7735_InitB) refers to st7735.o(i.ST7735_FillScreen) for ST7735_FillScreen
    st7735.o(i.ST7735_InitB) refers to st7735.o(.constdata) for Bcmd
    st7735.o(i.ST7735_InitB) refers to st7735.o(.data) for StTextColor
    st7735.o(i.ST7735_InitR) refers to st7735.o(i.commonInit) for commonInit
    st7735.o(i.ST7735_InitR) refers to st7735.o(i.commandList) for commandList
    st7735.o(i.ST7735_InitR) refers to lcd.o(.text) for writecommand
    st7735.o(i.ST7735_InitR) refers to st7735.o(i.ST7735_SetCursor) for ST7735_SetCursor
    st7735.o(i.ST7735_InitR) refers to st7735.o(i.ST7735_FillScreen) for ST7735_FillScreen
    st7735.o(i.ST7735_InitR) refers to st7735.o(.constdata) for Rcmd1
    st7735.o(i.ST7735_InitR) refers to st7735.o(.data) for ColStart
    st7735.o(i.ST7735_InvertDisplay) refers to lcd.o(.text) for writecommand
    st7735.o(i.ST7735_OutChar) refers to st7735.o(i.ST7735_DrawString) for ST7735_DrawString
    st7735.o(i.ST7735_OutChar) refers to st7735.o(i.ST7735_DrawCharS) for ST7735_DrawCharS
    st7735.o(i.ST7735_OutChar) refers to st7735.o(.data) for StY
    st7735.o(i.ST7735_OutString) refers to st7735.o(i.ST7735_OutChar) for ST7735_OutChar
    st7735.o(i.ST7735_OutUDec) refers to st7735.o(i.fillmessage) for fillmessage
    st7735.o(i.ST7735_OutUDec) refers to st7735.o(i.ST7735_DrawString) for ST7735_DrawString
    st7735.o(i.ST7735_OutUDec) refers to st7735.o(i.ST7735_DrawCharS) for ST7735_DrawCharS
    st7735.o(i.ST7735_OutUDec) refers to st7735.o(.data) for Messageindex
    st7735.o(i.ST7735_OutUDec) refers to st7735.o(.bss) for Message
    st7735.o(i.ST7735_PlotBar) refers to st7735.o(i.ST7735_DrawFastVLine) for ST7735_DrawFastVLine
    st7735.o(i.ST7735_PlotBar) refers to st7735.o(.data) for Ymin
    st7735.o(i.ST7735_PlotClear) refers to st7735.o(i.ST7735_Color565) for ST7735_Color565
    st7735.o(i.ST7735_PlotClear) refers to st7735.o(i.ST7735_FillRect) for ST7735_FillRect
    st7735.o(i.ST7735_PlotClear) refers to st7735.o(.data) for Ymax
    st7735.o(i.ST7735_PlotLine) refers to st7735.o(i.ST7735_DrawPixel) for ST7735_DrawPixel
    st7735.o(i.ST7735_PlotLine) refers to st7735.o(.data) for Ymin
    st7735.o(i.ST7735_PlotNext) refers to st7735.o(.data) for X
    st7735.o(i.ST7735_PlotNextErase) refers to st7735.o(i.ST7735_Color565) for ST7735_Color565
    st7735.o(i.ST7735_PlotNextErase) refers to st7735.o(i.ST7735_DrawFastVLine) for ST7735_DrawFastVLine
    st7735.o(i.ST7735_PlotNextErase) refers to st7735.o(.data) for X
    st7735.o(i.ST7735_PlotPoint) refers to st7735.o(i.ST7735_DrawPixel) for ST7735_DrawPixel
    st7735.o(i.ST7735_PlotPoint) refers to st7735.o(.data) for Ymin
    st7735.o(i.ST7735_PlotPoints) refers to st7735.o(i.ST7735_DrawPixel) for ST7735_DrawPixel
    st7735.o(i.ST7735_PlotPoints) refers to st7735.o(.data) for Ymin
    st7735.o(i.ST7735_PlotdBfs) refers to st7735.o(i.ST7735_DrawFastVLine) for ST7735_DrawFastVLine
    st7735.o(i.ST7735_PlotdBfs) refers to st7735.o(.constdata) for dBfs
    st7735.o(i.ST7735_PlotdBfs) refers to st7735.o(.data) for X
    st7735.o(i.ST7735_SetCursor) refers to st7735.o(.data) for StX
    st7735.o(i.ST7735_SetRotation) refers to lcd.o(.text) for writecommand
    st7735.o(i.ST7735_SetRotation) refers to st7735.o(.data) for Rotation
    st7735.o(i.ST7735_SetTextColor) refers to st7735.o(.data) for StTextColor
    st7735.o(i.commandList) refers to lcd.o(.text) for writecommand
    st7735.o(i.commandList) refers to st7735.o(i.Delay1ms) for Delay1ms
    st7735.o(i.commonInit) refers to st7735.o(i.Delay1ms) for Delay1ms
    st7735.o(i.commonInit) refers to st7735.o(i.commandList) for commandList
    st7735.o(i.commonInit) refers to st7735.o(.data) for RowStart
    st7735.o(i.fillmessage) refers to st7735.o(.bss) for Message
    st7735.o(i.fillmessage) refers to st7735.o(.data) for Messageindex
    st7735.o(i.fputc) refers to st7735.o(i.ST7735_OutChar) for ST7735_OutChar
    st7735.o(i.pushColor) refers to lcd.o(.text) for writedata
    st7735.o(i.setAddrWindow) refers to lcd.o(.text) for writecommand
    st7735.o(i.setAddrWindow) refers to st7735.o(.data) for ColStart
    etterna.o(i.Convert) refers to etterna.o(.data) for basebpm
    etterna.o(i.Init) refers to pll.o(i.PLL_Init) for PLL_Init
    etterna.o(i.Init) refers to dac.o(i.DAC_Init) for DAC_Init
    etterna.o(i.Init) refers to io.o(i.IO_Init) for IO_Init
    etterna.o(i.Init) refers to st7735.o(i.ST7735_InitR) for ST7735_InitR
    etterna.o(i.Init) refers to adc.o(i.ADC_Init) for ADC_Init
    etterna.o(i.main) refers to etterna.o(i.Init) for Init
    etterna.o(i.main) refers to st7735.o(i.ST7735_DrawBitmap) for ST7735_DrawBitmap
    etterna.o(i.main) refers to st7735.o(i.ST7735_SetCursor) for ST7735_SetCursor
    etterna.o(i.main) refers to st7735.o(i.ST7735_OutString) for ST7735_OutString
    etterna.o(i.main) refers to io.o(i.IO_Choice) for IO_Choice
    etterna.o(i.main) refers to st7735.o(i.ST7735_FillScreen) for ST7735_FillScreen
    etterna.o(i.main) refers to timer0.o(i.Timer0_Init) for Timer0_Init
    etterna.o(i.main) refers to timer1.o(i.Timer1_Init) for Timer1_Init
    etterna.o(i.main) refers to arrow.o(i.isTouch) for isTouch
    etterna.o(i.main) refers to st7735.o(i.ST7735_FillRect) for ST7735_FillRect
    etterna.o(i.main) refers to etterna.o(.constdata) for Etterna
    etterna.o(i.main) refers to sound.o(.data) for SC
    etterna.o(i.main) refers to arrow.o(.data) for songc
    etterna.o(i.main) refers to timer1.o(.data) for end
    etterna.o(i.main) refers to etterna.o(.data) for bpm
    etterna.o(i.main) refers to st7735.o(i.ST7735_DrawPicture) for ST7735_DrawPicture
    etterna.o(i.main) refers to print.o(.text) for LCD_OutDec
    etterna.o(i.main) refers to adc.o(i.ADC_In) for ADC_In
    etterna.o(i.main) refers to etterna.o(i.Convert) for Convert
    etterna.o(i.main) refers to io.o(i.IO_Touch) for IO_Touch
    etterna.o(i.main) refers to st7735.o(i.ST7735_SetTextColor) for ST7735_SetTextColor
    etterna.o(i.main) refers to arrow.o(.bss) for checkarr
    etterna.o(i.main) refers to io.o(i.IO_Reset) for IO_Reset
    io.o(i.IO_Choice) refers to sound.o(.data) for SC
    arrow.o(i.isTouch) refers to st7735.o(i.ST7735_FillRect) for ST7735_FillRect
    arrow.o(i.isTouch) refers to arrow.o(.bss) for checkarr
    arrow.o(i.isTouch) refers to arrow.o(.data) for Arrows
    entry.o(.ARM.Collect$$$$00000000) refers (Special) to entry10a.o(.ARM.Collect$$$$0000000D) for __rt_final_cpp
    entry.o(.ARM.Collect$$$$00000000) refers (Special) to entry11a.o(.ARM.Collect$$$$0000000F) for __rt_final_exit
    entry.o(.ARM.Collect$$$$00000000) refers (Special) to entry7b.o(.ARM.Collect$$$$00000008) for _main_clock
    entry.o(.ARM.Collect$$$$00000000) refers (Special) to entry8b.o(.ARM.Collect$$$$0000000A) for _main_cpp_init
    entry.o(.ARM.Collect$$$$00000000) refers (Special) to entry9a.o(.ARM.Collect$$$$0000000B) for _main_init
    entry.o(.ARM.Collect$$$$00000000) refers (Special) to entry5.o(.ARM.Collect$$$$00000004) for _main_scatterload
    entry.o(.ARM.Collect$$$$00000000) refers (Special) to entry2.o(.ARM.Collect$$$$00000001) for _main_stk
    entry2.o(.ARM.Collect$$$$00000001) refers to entry2.o(.ARM.Collect$$$$00002712) for __lit__00000000
    entry2.o(.ARM.Collect$$$$00002712) refers to startup.o(STACK) for __initial_sp
    entry2.o(__vectab_stack_and_reset_area) refers to startup.o(STACK) for __initial_sp
    entry2.o(__vectab_stack_and_reset_area) refers to entry.o(.ARM.Collect$$$$00000000) for __main
    entry5.o(.ARM.Collect$$$$00000004) refers to init.o(.text) for __scatterload
    entry9a.o(.ARM.Collect$$$$0000000B) refers to etterna.o(i.main) for main
    entry9b.o(.ARM.Collect$$$$0000000C) refers to etterna.o(i.main) for main
    init.o(.text) refers to entry5.o(.ARM.Collect$$$$00000004) for __main_after_scatterload


==============================================================================

Removing Unused input sections from the image.

    Removing startup.o(HEAP), (0 bytes).
    Removing startup.o(.text), (28 bytes).
    Removing random.o(DATA), (4 bytes).
    Removing random.o(.text), (64 bytes).
    Removing st7735.o(i.Output_Clear), (10 bytes).
    Removing st7735.o(i.Output_Color), (12 bytes).
    Removing st7735.o(i.Output_Init), (16 bytes).
    Removing st7735.o(i.Output_Off), (8 bytes).
    Removing st7735.o(i.Output_On), (8 bytes).
    Removing st7735.o(i.ST7735_Color565), (24 bytes).
    Removing st7735.o(i.ST7735_DrawChar), (272 bytes).
    Removing st7735.o(i.ST7735_DrawFastHLine), (124 bytes).
    Removing st7735.o(i.ST7735_DrawFastVLine), (124 bytes).
    Removing st7735.o(i.ST7735_InitB), (40 bytes).
    Removing st7735.o(i.ST7735_InvertDisplay), (22 bytes).
    Removing st7735.o(i.ST7735_OutUDec), (140 bytes).
    Removing st7735.o(i.ST7735_PlotBar), (88 bytes).
    Removing st7735.o(i.ST7735_PlotClear), (92 bytes).
    Removing st7735.o(i.ST7735_PlotLine), (264 bytes).
    Removing st7735.o(i.ST7735_PlotNext), (32 bytes).
    Removing st7735.o(i.ST7735_PlotNextErase), (64 bytes).
    Removing st7735.o(i.ST7735_PlotPoint), (152 bytes).
    Removing st7735.o(i.ST7735_PlotPoints), (172 bytes).
    Removing st7735.o(i.ST7735_PlotdBfs), (60 bytes).
    Removing st7735.o(i.ST7735_SetRotation), (212 bytes).
    Removing st7735.o(i.ST7735_SwapColor), (18 bytes).
    Removing st7735.o(i.ferror), (8 bytes).
    Removing st7735.o(i.fgetc), (6 bytes).
    Removing st7735.o(i.fillmessage), (72 bytes).
    Removing st7735.o(i.fputc), (16 bytes).
    Removing st7735.o(.bss), (12 bytes).
    Removing io.o(i.IO_HeartBeat), (24 bytes).

32 unused section(s) (total 2188 bytes) removed from the image.

==============================================================================

Image Symbol Table

    Local Symbols

    Symbol Name                              Value     Ov Type        Size  Object(Section)

    RESET                                    0x00000000   Section      644  startup.o(RESET)
    ../clib/../cmprslib/zerorunl2.c          0x00000000   Number         0  __dczerorl2.o ABSOLUTE
    ../clib/microlib/init/entry.s            0x00000000   Number         0  entry.o ABSOLUTE
    ../clib/microlib/init/entry.s            0x00000000   Number         0  entry9b.o ABSOLUTE
    ../clib/microlib/init/entry.s            0x00000000   Number         0  entry11b.o ABSOLUTE
    ../clib/microlib/init/entry.s            0x00000000   Number         0  entry11a.o ABSOLUTE
    ../clib/microlib/init/entry.s            0x00000000   Number         0  entry10b.o ABSOLUTE
    ../clib/microlib/init/entry.s            0x00000000   Number         0  entry10a.o ABSOLUTE
    ../clib/microlib/init/entry.s            0x00000000   Number         0  entry9a.o ABSOLUTE
    ../clib/microlib/init/entry.s            0x00000000   Number         0  entry8b.o ABSOLUTE
    ../clib/microlib/init/entry.s            0x00000000   Number         0  entry8a.o ABSOLUTE
    ../clib/microlib/init/entry.s            0x00000000   Number         0  entry7b.o ABSOLUTE
    ../clib/microlib/init/entry.s            0x00000000   Number         0  entry7a.o ABSOLUTE
    ../clib/microlib/init/entry.s            0x00000000   Number         0  entry5.o ABSOLUTE
    ../clib/microlib/init/entry.s            0x00000000   Number         0  entry2.o ABSOLUTE
    ADC.c                                    0x00000000   Number         0  adc.o ABSOLUTE
    Arrow.c                                  0x00000000   Number         0  arrow.o ABSOLUTE
    DAC.c                                    0x00000000   Number         0  dac.o ABSOLUTE
    Etterna.c                                0x00000000   Number         0  etterna.o ABSOLUTE
    IO.c                                     0x00000000   Number         0  io.o ABSOLUTE
    LCD.s                                    0x00000000   Number         0  lcd.o ABSOLUTE
    PLL.c                                    0x00000000   Number         0  pll.o ABSOLUTE
    Print.s                                  0x00000000   Number         0  print.o ABSOLUTE
    ST7735.c                                 0x00000000   Number         0  st7735.o ABSOLUTE
    Sound.c                                  0x00000000   Number         0  sound.o ABSOLUTE
    Timer0.c                                 0x00000000   Number         0  timer0.o ABSOLUTE
    Timer1.c                                 0x00000000   Number         0  timer1.o ABSOLUTE
    dc.s                                     0x00000000   Number         0  dc.o ABSOLUTE
    handlers.s                               0x00000000   Number         0  handlers.o ABSOLUTE
    init.s                                   0x00000000   Number         0  init.o ABSOLUTE
    random.s                                 0x00000000   Number         0  random.o ABSOLUTE
    startup.s                                0x00000000   Number         0  startup.o ABSOLUTE
    $v0                                      0x0000026c   Number         0  startup.o(RESET)
    .ARM.Collect$$$$00000000                 0x00000284   Section        0  entry.o(.ARM.Collect$$$$00000000)
    .ARM.Collect$$$$00000001                 0x00000284   Section        4  entry2.o(.ARM.Collect$$$$00000001)
    .ARM.Collect$$$$00000004                 0x00000288   Section        4  entry5.o(.ARM.Collect$$$$00000004)
    .ARM.Collect$$$$00000008                 0x0000028c   Section        0  entry7b.o(.ARM.Collect$$$$00000008)
    .ARM.Collect$$$$0000000A                 0x0000028c   Section        0  entry8b.o(.ARM.Collect$$$$0000000A)
    .ARM.Collect$$$$0000000B                 0x0000028c   Section        8  entry9a.o(.ARM.Collect$$$$0000000B)
    .ARM.Collect$$$$0000000D                 0x00000294   Section        0  entry10a.o(.ARM.Collect$$$$0000000D)
    .ARM.Collect$$$$0000000F                 0x00000294   Section        0  entry11a.o(.ARM.Collect$$$$0000000F)
    .ARM.Collect$$$$00002712                 0x00000294   Section        4  entry2.o(.ARM.Collect$$$$00002712)
    __lit__00000000                          0x00000294   Data           4  entry2.o(.ARM.Collect$$$$00002712)
    .text                                    0x00000298   Section      100  lcd.o(.text)
    $v0                                      0x00000298   Number         0  lcd.o(.text)
    .text                                    0x000002fc   Section      192  print.o(.text)
    $v0                                      0x000002fc   Number         0  print.o(.text)
    .text                                    0x000003bc   Section       36  init.o(.text)
    .text                                    0x000003e0   Section        0  __dczerorl2.o(.text)
    i.ADC_In                                 0x00000438   Section        0  adc.o(i.ADC_In)
    i.ADC_Init                               0x00000464   Section        0  adc.o(i.ADC_Init)
    i.Convert                                0x0000051c   Section        0  etterna.o(i.Convert)
    i.DAC_Init                               0x000005b8   Section        0  dac.o(i.DAC_Init)
    i.DAC_Out                                0x000005f8   Section        0  dac.o(i.DAC_Out)
    i.Delay1ms                               0x00000604   Section        0  st7735.o(i.Delay1ms)
    i.IO_Choice                              0x00000624   Section        0  io.o(i.IO_Choice)
    i.IO_Init                                0x00000678   Section        0  io.o(i.IO_Init)
    i.IO_Reset                               0x00000724   Section        0  io.o(i.IO_Reset)
    i.IO_Touch                               0x00000764   Section        0  io.o(i.IO_Touch)
    i.Init                                   0x00000798   Section        0  etterna.o(i.Init)
    i.PLL_Init                               0x000007b4   Section        0  pll.o(i.PLL_Init)
    i.ST7735_DrawBitmap                      0x00000830   Section        0  st7735.o(i.ST7735_DrawBitmap)
    i.ST7735_DrawCharS                       0x00000950   Section        0  st7735.o(i.ST7735_DrawCharS)
    i.ST7735_DrawPicture                     0x00000a48   Section        0  st7735.o(i.ST7735_DrawPicture)
    i.ST7735_DrawPixel                       0x00000a9c   Section        0  st7735.o(i.ST7735_DrawPixel)
    i.ST7735_DrawString                      0x00000ae4   Section        0  st7735.o(i.ST7735_DrawString)
    i.ST7735_FillRect                        0x00000b3c   Section        0  st7735.o(i.ST7735_FillRect)
    i.ST7735_FillScreen                      0x00000be8   Section        0  st7735.o(i.ST7735_FillScreen)
    i.ST7735_InitR                           0x00000c0c   Section        0  st7735.o(i.ST7735_InitR)
    i.ST7735_OutChar                         0x00000c88   Section        0  st7735.o(i.ST7735_OutChar)
    i.ST7735_OutString                       0x00000d5c   Section        0  st7735.o(i.ST7735_OutString)
    i.ST7735_SetCursor                       0x00000d74   Section        0  st7735.o(i.ST7735_SetCursor)
    i.ST7735_SetTextColor                    0x00000d94   Section        0  st7735.o(i.ST7735_SetTextColor)
    i.Timer0A_Handler                        0x00000da0   Section        0  timer0.o(i.Timer0A_Handler)
    i.Timer0_Init                            0x00000e90   Section        0  timer0.o(i.Timer0_Init)
    i.Timer1A_Handler                        0x00000ee4   Section        0  timer1.o(i.Timer1A_Handler)
    i.Timer1_Init                            0x00000f7c   Section        0  timer1.o(i.Timer1_Init)
    i.__scatterload_copy                     0x00000fd4   Section       14  handlers.o(i.__scatterload_copy)
    i.__scatterload_null                     0x00000fe2   Section        2  handlers.o(i.__scatterload_null)
    i.__scatterload_zeroinit                 0x00000fe4   Section       14  handlers.o(i.__scatterload_zeroinit)
    i.commandList                            0x00000ff2   Section        0  st7735.o(i.commandList)
    commandList                              0x00000ff3   Thumb Code    86  st7735.o(i.commandList)
    i.commonInit                             0x00001048   Section        0  st7735.o(i.commonInit)
    commonInit                               0x00001049   Thumb Code   342  st7735.o(i.commonInit)
    i.isTouch                                0x000011d0   Section        0  arrow.o(i.isTouch)
    i.main                                   0x0000134c   Section        0  etterna.o(i.main)
    i.pushColor                              0x00001de4   Section        0  st7735.o(i.pushColor)
    pushColor                                0x00001de5   Thumb Code    18  st7735.o(i.pushColor)
    i.setAddrWindow                          0x00001df8   Section        0  st7735.o(i.setAddrWindow)
    setAddrWindow                            0x00001df9   Thumb Code   106  st7735.o(i.setAddrWindow)
    .constdata                               0x00001e6c   Section    207473  sound.o(.constdata)
    .constdata                               0x000348dd   Section     2018  st7735.o(.constdata)
    Font                                     0x000348dd   Data        1275  st7735.o(.constdata)
    Bcmd                                     0x00034dd8   Data         103  st7735.o(.constdata)
    Rcmd1                                    0x00034e3f   Data          59  st7735.o(.constdata)
    Rcmd2green                               0x00034e7a   Data          13  st7735.o(.constdata)
    Rcmd2red                                 0x00034e87   Data          13  st7735.o(.constdata)
    Rcmd3                                    0x00034e94   Data          43  st7735.o(.constdata)
    .constdata                               0x000350c0   Section    27104  etterna.o(.constdata)
    .data                                    0x20000000   Section        8  timer1.o(.data)
    .data                                    0x20000008   Section        4  sound.o(.data)
    .data                                    0x2000000c   Section       44  st7735.o(.data)
    ColStart                                 0x20000016   Data           1  st7735.o(.data)
    RowStart                                 0x20000017   Data           1  st7735.o(.data)
    Rotation                                 0x20000018   Data           1  st7735.o(.data)
    TabColor                                 0x20000019   Data           1  st7735.o(.data)
    _width                                   0x2000001a   Data           2  st7735.o(.data)
    _height                                  0x2000001c   Data           2  st7735.o(.data)
    .data                                    0x20000038   Section       32  etterna.o(.data)
    .data                                    0x20000058   Section      388  arrow.o(.data)
    .bss                                     0x200001dc   Section       16  arrow.o(.bss)
    STACK                                    0x200001f0   Section     1024  startup.o(STACK)
    StackMem                                 0x200001f0   Data           0  startup.o(STACK)

    Global Symbols

    Symbol Name                              Value     Ov Type        Size  Object(Section)

    BuildAttributes$$THM_ISAv4$E$P$D$K$B$S$7EM$VFPi3$EXTD16$VFPS$VFMA$PE$A:L22UL41UL21$X:L11$S22US41US21$IEEE1$IW$USESV6$~STKCKD$USESV7$~SHL$OSPACE$EBA8$MICROLIB$REQ8$PRES8$EABIv2 0x00000000   Number         0  anon$$obj.o ABSOLUTE
    __ARM_use_no_argv                        0x00000000   Number         0  etterna.o ABSOLUTE
    __Vectors                                0x00000000   Data           0  startup.o(RESET)
    __cpp_initialize__aeabi_                  - Undefined Weak Reference
    __cxa_finalize                            - Undefined Weak Reference
    _clock_init                               - Undefined Weak Reference
    _microlib_exit                            - Undefined Weak Reference
    Reset_Handler                            0x0000026d   Thumb Code     0  startup.o(RESET)
    NMI_Handler                              0x00000271   Thumb Code     2  startup.o(RESET)
    HardFault_Handler                        0x00000273   Thumb Code     2  startup.o(RESET)
    MemManage_Handler                        0x00000275   Thumb Code     2  startup.o(RESET)
    BusFault_Handler                         0x00000277   Thumb Code     2  startup.o(RESET)
    UsageFault_Handler                       0x00000279   Thumb Code     2  startup.o(RESET)
    SVC_Handler                              0x0000027b   Thumb Code     2  startup.o(RESET)
    DebugMon_Handler                         0x0000027d   Thumb Code     2  startup.o(RESET)
    PendSV_Handler                           0x0000027f   Thumb Code     2  startup.o(RESET)
    SysTick_Handler                          0x00000281   Thumb Code     2  startup.o(RESET)
    ADC0Seq0_Handler                         0x00000283   Thumb Code     0  startup.o(RESET)
    ADC0Seq1_Handler                         0x00000283   Thumb Code     0  startup.o(RESET)
    ADC0Seq2_Handler                         0x00000283   Thumb Code     0  startup.o(RESET)
    ADC0Seq3_Handler                         0x00000283   Thumb Code     0  startup.o(RESET)
    ADC1Seq0_Handler                         0x00000283   Thumb Code     0  startup.o(RESET)
    ADC1Seq1_Handler                         0x00000283   Thumb Code     0  startup.o(RESET)
    ADC1Seq2_Handler                         0x00000283   Thumb Code     0  startup.o(RESET)
    ADC1Seq3_Handler                         0x00000283   Thumb Code     0  startup.o(RESET)
    CAN0_Handler                             0x00000283   Thumb Code     0  startup.o(RESET)
    CAN1_Handler                             0x00000283   Thumb Code     0  startup.o(RESET)
    CAN2_Handler                             0x00000283   Thumb Code     0  startup.o(RESET)
    Comp0_Handler                            0x00000283   Thumb Code     0  startup.o(RESET)
    Comp1_Handler                            0x00000283   Thumb Code     0  startup.o(RESET)
    Comp2_Handler                            0x00000283   Thumb Code     0  startup.o(RESET)
    Ethernet_Handler                         0x00000283   Thumb Code     0  startup.o(RESET)
    ExtBus_Handler                           0x00000283   Thumb Code     0  startup.o(RESET)
    FPU_Handler                              0x00000283   Thumb Code     0  startup.o(RESET)
    Fan0_Handler                             0x00000283   Thumb Code     0  startup.o(RESET)
    FlashCtl_Handler                         0x00000283   Thumb Code     0  startup.o(RESET)
    GPIOPortA_Handler                        0x00000283   Thumb Code     0  startup.o(RESET)
    GPIOPortB_Handler                        0x00000283   Thumb Code     0  startup.o(RESET)
    GPIOPortC_Handler                        0x00000283   Thumb Code     0  startup.o(RESET)
    GPIOPortD_Handler                        0x00000283   Thumb Code     0  startup.o(RESET)
    GPIOPortE_Handler                        0x00000283   Thumb Code     0  startup.o(RESET)
    GPIOPortF_Handler                        0x00000283   Thumb Code     0  startup.o(RESET)
    GPIOPortG_Handler                        0x00000283   Thumb Code     0  startup.o(RESET)
    GPIOPortH_Handler                        0x00000283   Thumb Code     0  startup.o(RESET)
    GPIOPortJ_Handler                        0x00000283   Thumb Code     0  startup.o(RESET)
    GPIOPortK_Handler                        0x00000283   Thumb Code     0  startup.o(RESET)
    GPIOPortL_Handler                        0x00000283   Thumb Code     0  startup.o(RESET)
    GPIOPortM_Handler                        0x00000283   Thumb Code     0  startup.o(RESET)
    GPIOPortN_Handler                        0x00000283   Thumb Code     0  startup.o(RESET)
    GPIOPortP1_Handler                       0x00000283   Thumb Code     0  startup.o(RESET)
    GPIOPortP2_Handler                       0x00000283   Thumb Code     0  startup.o(RESET)
    GPIOPortP3_Handler                       0x00000283   Thumb Code     0  startup.o(RESET)
    GPIOPortP4_Handler                       0x00000283   Thumb Code     0  startup.o(RESET)
    GPIOPortP5_Handler                       0x00000283   Thumb Code     0  startup.o(RESET)
    GPIOPortP6_Handler                       0x00000283   Thumb Code     0  startup.o(RESET)
    GPIOPortP7_Handler                       0x00000283   Thumb Code     0  startup.o(RESET)
    GPIOPortP_Handler                        0x00000283   Thumb Code     0  startup.o(RESET)
    GPIOPortQ1_Handler                       0x00000283   Thumb Code     0  startup.o(RESET)
    GPIOPortQ2_Handler                       0x00000283   Thumb Code     0  startup.o(RESET)
    GPIOPortQ3_Handler                       0x00000283   Thumb Code     0  startup.o(RESET)
    GPIOPortQ4_Handler                       0x00000283   Thumb Code     0  startup.o(RESET)
    GPIOPortQ5_Handler                       0x00000283   Thumb Code     0  startup.o(RESET)
    GPIOPortQ6_Handler                       0x00000283   Thumb Code     0  startup.o(RESET)
    GPIOPortQ7_Handler                       0x00000283   Thumb Code     0  startup.o(RESET)
    GPIOPortQ_Handler                        0x00000283   Thumb Code     0  startup.o(RESET)
    GPIOPortR_Handler                        0x00000283   Thumb Code     0  startup.o(RESET)
    GPIOPortS_Handler                        0x00000283   Thumb Code     0  startup.o(RESET)
    Hibernate_Handler                        0x00000283   Thumb Code     0  startup.o(RESET)
    I2C0_Handler                             0x00000283   Thumb Code     0  startup.o(RESET)
    I2C1_Handler                             0x00000283   Thumb Code     0  startup.o(RESET)
    I2C2_Handler                             0x00000283   Thumb Code     0  startup.o(RESET)
    I2C3_Handler                             0x00000283   Thumb Code     0  startup.o(RESET)
    I2C4_Handler                             0x00000283   Thumb Code     0  startup.o(RESET)
    I2C5_Handler                             0x00000283   Thumb Code     0  startup.o(RESET)
    I2S0_Handler                             0x00000283   Thumb Code     0  startup.o(RESET)
    LPC0_Handler                             0x00000283   Thumb Code     0  startup.o(RESET)
    PECI0_Handler                            0x00000283   Thumb Code     0  startup.o(RESET)
    PWM0Fault_Handler                        0x00000283   Thumb Code     0  startup.o(RESET)
    PWM0Generator0_Handler                   0x00000283   Thumb Code     0  startup.o(RESET)
    PWM0Generator1_Handler                   0x00000283   Thumb Code     0  startup.o(RESET)
    PWM0Generator2_Handler                   0x00000283   Thumb Code     0  startup.o(RESET)
    PWM0Generator3_Handler                   0x00000283   Thumb Code     0  startup.o(RESET)
    PWM1Fault_Handler                        0x00000283   Thumb Code     0  startup.o(RESET)
    PWM1Generator0_Handler                   0x00000283   Thumb Code     0  startup.o(RESET)
    PWM1Generator1_Handler                   0x00000283   Thumb Code     0  startup.o(RESET)
    PWM1Generator2_Handler                   0x00000283   Thumb Code     0  startup.o(RESET)
    PWM1Generator3_Handler                   0x00000283   Thumb Code     0  startup.o(RESET)
    Quadrature0_Handler                      0x00000283   Thumb Code     0  startup.o(RESET)
    Quadrature1_Handler                      0x00000283   Thumb Code     0  startup.o(RESET)
    Quadrature2_Handler                      0x00000283   Thumb Code     0  startup.o(RESET)
    SSI0_Handler                             0x00000283   Thumb Code     0  startup.o(RESET)
    SSI1_Handler                             0x00000283   Thumb Code     0  startup.o(RESET)
    SSI2_Handler                             0x00000283   Thumb Code     0  startup.o(RESET)
    SSI3_Handler                             0x00000283   Thumb Code     0  startup.o(RESET)
    SysCtl_Handler                           0x00000283   Thumb Code     0  startup.o(RESET)
    Timer0B_Handler                          0x00000283   Thumb Code     0  startup.o(RESET)
    Timer1B_Handler                          0x00000283   Thumb Code     0  startup.o(RESET)
    Timer2A_Handler                          0x00000283   Thumb Code     0  startup.o(RESET)
    Timer2B_Handler                          0x00000283   Thumb Code     0  startup.o(RESET)
    Timer3A_Handler                          0x00000283   Thumb Code     0  startup.o(RESET)
    Timer3B_Handler                          0x00000283   Thumb Code     0  startup.o(RESET)
    Timer4A_Handler                          0x00000283   Thumb Code     0  startup.o(RESET)
    Timer4B_Handler                          0x00000283   Thumb Code     0  startup.o(RESET)
    Timer5A_Handler                          0x00000283   Thumb Code     0  startup.o(RESET)
    Timer5B_Handler                          0x00000283   Thumb Code     0  startup.o(RESET)
    UART0_Handler                            0x00000283   Thumb Code     0  startup.o(RESET)
    UART1_Handler                            0x00000283   Thumb Code     0  startup.o(RESET)
    UART2_Handler                            0x00000283   Thumb Code     0  startup.o(RESET)
    UART3_Handler                            0x00000283   Thumb Code     0  startup.o(RESET)
    UART4_Handler                            0x00000283   Thumb Code     0  startup.o(RESET)
    UART5_Handler                            0x00000283   Thumb Code     0  startup.o(RESET)
    UART6_Handler                            0x00000283   Thumb Code     0  startup.o(RESET)
    UART7_Handler                            0x00000283   Thumb Code     0  startup.o(RESET)
    USB0_Handler                             0x00000283   Thumb Code     0  startup.o(RESET)
    WDT_Handler                              0x00000283   Thumb Code     0  startup.o(RESET)
    WideTimer0A_Handler                      0x00000283   Thumb Code     0  startup.o(RESET)
    WideTimer0B_Handler                      0x00000283   Thumb Code     0  startup.o(RESET)
    WideTimer1A_Handler                      0x00000283   Thumb Code     0  startup.o(RESET)
    WideTimer1B_Handler                      0x00000283   Thumb Code     0  startup.o(RESET)
    WideTimer2A_Handler                      0x00000283   Thumb Code     0  startup.o(RESET)
    WideTimer2B_Handler                      0x00000283   Thumb Code     0  startup.o(RESET)
    WideTimer3A_Handler                      0x00000283   Thumb Code     0  startup.o(RESET)
    WideTimer3B_Handler                      0x00000283   Thumb Code     0  startup.o(RESET)
    WideTimer4A_Handler                      0x00000283   Thumb Code     0  startup.o(RESET)
    WideTimer4B_Handler                      0x00000283   Thumb Code     0  startup.o(RESET)
    WideTimer5A_Handler                      0x00000283   Thumb Code     0  startup.o(RESET)
    WideTimer5B_Handler                      0x00000283   Thumb Code     0  startup.o(RESET)
    uDMA_Error                               0x00000283   Thumb Code     0  startup.o(RESET)
    uDMA_Handler                             0x00000283   Thumb Code     0  startup.o(RESET)
    __main                                   0x00000285   Thumb Code     0  entry.o(.ARM.Collect$$$$00000000)
    _main_stk                                0x00000285   Thumb Code     0  entry2.o(.ARM.Collect$$$$00000001)
    _main_scatterload                        0x00000289   Thumb Code     0  entry5.o(.ARM.Collect$$$$00000004)
    __main_after_scatterload                 0x0000028d   Thumb Code     0  entry5.o(.ARM.Collect$$$$00000004)
    _main_clock                              0x0000028d   Thumb Code     0  entry7b.o(.ARM.Collect$$$$00000008)
    _main_cpp_init                           0x0000028d   Thumb Code     0  entry8b.o(.ARM.Collect$$$$0000000A)
    _main_init                               0x0000028d   Thumb Code     0  entry9a.o(.ARM.Collect$$$$0000000B)
    __rt_final_cpp                           0x00000295   Thumb Code     0  entry10a.o(.ARM.Collect$$$$0000000D)
    __rt_final_exit                          0x00000295   Thumb Code     0  entry11a.o(.ARM.Collect$$$$0000000F)
    writecommand                             0x00000299   Thumb Code     0  lcd.o(.text)
    writedata                                0x000002d1   Thumb Code     0  lcd.o(.text)
    LCD_OutDec                               0x000002fd   Thumb Code     0  print.o(.text)
    LCD_OutFix                               0x0000033b   Thumb Code     0  print.o(.text)
    __scatterload                            0x000003bd   Thumb Code    28  init.o(.text)
    __scatterload_rt2                        0x000003bd   Thumb Code     0  init.o(.text)
    __decompress                             0x000003e1   Thumb Code     0  __dczerorl2.o(.text)
    __decompress1                            0x000003e1   Thumb Code    86  __dczerorl2.o(.text)
    ADC_In                                   0x00000439   Thumb Code    38  adc.o(i.ADC_In)
    ADC_Init                                 0x00000465   Thumb Code   160  adc.o(i.ADC_Init)
    Convert                                  0x0000051d   Thumb Code   138  etterna.o(i.Convert)
    DAC_Init                                 0x000005b9   Thumb Code    52  dac.o(i.DAC_Init)
    DAC_Out                                  0x000005f9   Thumb Code     6  dac.o(i.DAC_Out)
    Delay1ms                                 0x00000605   Thumb Code    32  st7735.o(i.Delay1ms)
    IO_Choice                                0x00000625   Thumb Code    72  io.o(i.IO_Choice)
    IO_Init                                  0x00000679   Thumb Code   146  io.o(i.IO_Init)
    IO_Reset                                 0x00000725   Thumb Code    48  io.o(i.IO_Reset)
    IO_Touch                                 0x00000765   Thumb Code    42  io.o(i.IO_Touch)
    Init                                     0x00000799   Thumb Code    28  etterna.o(i.Init)
    PLL_Init                                 0x000007b5   Thumb Code   120  pll.o(i.PLL_Init)
    ST7735_DrawBitmap                        0x00000831   Thumb Code   280  st7735.o(i.ST7735_DrawBitmap)
    ST7735_DrawCharS                         0x00000951   Thumb Code   236  st7735.o(i.ST7735_DrawCharS)
    ST7735_DrawPicture                       0x00000a49   Thumb Code    84  st7735.o(i.ST7735_DrawPicture)
    ST7735_DrawPixel                         0x00000a9d   Thumb Code    64  st7735.o(i.ST7735_DrawPixel)
    ST7735_DrawString                        0x00000ae5   Thumb Code    86  st7735.o(i.ST7735_DrawString)
    ST7735_FillRect                          0x00000b3d   Thumb Code   164  st7735.o(i.ST7735_FillRect)
    ST7735_FillScreen                        0x00000be9   Thumb Code    28  st7735.o(i.ST7735_FillScreen)
    ST7735_InitR                             0x00000c0d   Thumb Code    90  st7735.o(i.ST7735_InitR)
    ST7735_OutChar                           0x00000c89   Thumb Code   176  st7735.o(i.ST7735_OutChar)
    ST7735_OutString                         0x00000d5d   Thumb Code    24  st7735.o(i.ST7735_OutString)
    ST7735_SetCursor                         0x00000d75   Thumb Code    22  st7735.o(i.ST7735_SetCursor)
    ST7735_SetTextColor                      0x00000d95   Thumb Code     6  st7735.o(i.ST7735_SetTextColor)
    Timer0A_Handler                          0x00000da1   Thumb Code   192  timer0.o(i.Timer0A_Handler)
    Timer0_Init                              0x00000e91   Thumb Code    66  timer0.o(i.Timer0_Init)
    Timer1A_Handler                          0x00000ee5   Thumb Code   122  timer1.o(i.Timer1A_Handler)
    Timer1_Init                              0x00000f7d   Thumb Code    70  timer1.o(i.Timer1_Init)
    __scatterload_copy                       0x00000fd5   Thumb Code    14  handlers.o(i.__scatterload_copy)
    __scatterload_null                       0x00000fe3   Thumb Code     2  handlers.o(i.__scatterload_null)
    __scatterload_zeroinit                   0x00000fe5   Thumb Code    14  handlers.o(i.__scatterload_zeroinit)
    isTouch                                  0x000011d1   Thumb Code   358  arrow.o(i.isTouch)
    main                                     0x0000134d   Thumb Code  2610  etterna.o(i.main)
    BK                                       0x00001e6c   Data       79782  sound.o(.constdata)
    Torna                                    0x00015612   Data       127691  sound.o(.constdata)
    dBfs                                     0x00034ebf   Data         512  st7735.o(.constdata)
    Etterna                                  0x000350c0   Data       12800  etterna.o(.constdata)
    Static_Left                              0x000382c0   Data        1152  etterna.o(.constdata)
    Static_Down                              0x00038740   Data        1152  etterna.o(.constdata)
    Static_Up                                0x00038bc0   Data        1152  etterna.o(.constdata)
    Static_Right                             0x00039040   Data        1152  etterna.o(.constdata)
    Arrow_Left                               0x000394c0   Data        1152  etterna.o(.constdata)
    Arrow_Down                               0x00039940   Data        1152  etterna.o(.constdata)
    Arrow_Up                                 0x00039dc0   Data        1152  etterna.o(.constdata)
    Arrow_Right                              0x0003a240   Data        1152  etterna.o(.constdata)
    Perfect                                  0x0003a6c0   Data        1704  etterna.o(.constdata)
    Good                                     0x0003ad68   Data        1680  etterna.o(.constdata)
    Miss                                     0x0003b3f8   Data        1704  etterna.o(.constdata)
    Region$$Table$$Base                      0x0003baa0   Number         0  anon$$obj.o(Region$$Table)
    Region$$Table$$Limit                     0x0003bac0   Number         0  anon$$obj.o(Region$$Table)
    si                                       0x20000000   Data           4  timer1.o(.data)
    end                                      0x20000004   Data           4  timer1.o(.data)
    SC                                       0x20000008   Data           4  sound.o(.data)
    StX                                      0x2000000c   Data           4  st7735.o(.data)
    StY                                      0x20000010   Data           4  st7735.o(.data)
    StTextColor                              0x20000014   Data           2  st7735.o(.data)
    Messageindex                             0x20000020   Data           4  st7735.o(.data)
    Ymax                                     0x20000024   Data           4  st7735.o(.data)
    Ymin                                     0x20000028   Data           4  st7735.o(.data)
    X                                        0x2000002c   Data           4  st7735.o(.data)
    Yrange                                   0x20000030   Data           4  st7735.o(.data)
    lastj                                    0x20000034   Data           4  st7735.o(.data)
    Score                                    0x20000038   Data           4  etterna.o(.data)
    MaxCombo                                 0x2000003c   Data           4  etterna.o(.data)
    PerfectC                                 0x20000040   Data           4  etterna.o(.data)
    GoodC                                    0x20000044   Data           4  etterna.o(.data)
    bpm                                      0x20000048   Data           4  etterna.o(.data)
    period                                   0x2000004c   Data           4  etterna.o(.data)
    basebpm                                  0x20000050   Data           4  etterna.o(.data)
    baseperiod                               0x20000054   Data           4  etterna.o(.data)
    Arrows                                   0x20000058   Data          32  arrow.o(.data)
    LeftIndex                                0x20000078   Data           4  arrow.o(.data)
    DownIndex                                0x2000007c   Data           4  arrow.o(.data)
    UpIndex                                  0x20000080   Data           4  arrow.o(.data)
    RightIndex                               0x20000084   Data           4  arrow.o(.data)
    count                                    0x20000088   Data           4  arrow.o(.data)
    songc                                    0x2000008c   Data           4  arrow.o(.data)
    MissC                                    0x20000090   Data           4  arrow.o(.data)
    missflag                                 0x20000094   Data           4  arrow.o(.data)
    Leftarray                                0x20000098   Data          80  arrow.o(.data)
    Downarray                                0x200000e8   Data          80  arrow.o(.data)
    Uparray                                  0x20000138   Data          80  arrow.o(.data)
    Rightarray                               0x20000188   Data          80  arrow.o(.data)
    Combo                                    0x200001d8   Data           4  arrow.o(.data)
    checkarr                                 0x200001dc   Data          16  arrow.o(.bss)
    __initial_sp                             0x200005f0   Data           0  startup.o(STACK)



==============================================================================

Memory Map of the image

  Image Entry point : 0x0000026d

  Load Region LR_1 (Base: 0x00000000, Size: 0x0003bc9c, Max: 0xffffffff, ABSOLUTE, COMPRESSED[0x0003bb4c])

    Execution Region ER_RO (Exec base: 0x00000000, Load base: 0x00000000, Size: 0x0003bac0, Max: 0xffffffff, ABSOLUTE)

    Exec Addr    Load Addr    Size         Type   Attr      Idx    E Section Name        Object

    0x00000000   0x00000000   0x00000284   Code   RO            3  * RESET               startup.o
    0x00000284   0x00000284   0x00000000   Code   RO          521  * .ARM.Collect$$$$00000000  mc_w.l(entry.o)
    0x00000284   0x00000284   0x00000004   Code   RO          524    .ARM.Collect$$$$00000001  mc_w.l(entry2.o)
    0x00000288   0x00000288   0x00000004   Code   RO          527    .ARM.Collect$$$$00000004  mc_w.l(entry5.o)
    0x0000028c   0x0000028c   0x00000000   Code   RO          529    .ARM.Collect$$$$00000008  mc_w.l(entry7b.o)
    0x0000028c   0x0000028c   0x00000000   Code   RO          531    .ARM.Collect$$$$0000000A  mc_w.l(entry8b.o)
    0x0000028c   0x0000028c   0x00000008   Code   RO          532    .ARM.Collect$$$$0000000B  mc_w.l(entry9a.o)
    0x00000294   0x00000294   0x00000000   Code   RO          534    .ARM.Collect$$$$0000000D  mc_w.l(entry10a.o)
    0x00000294   0x00000294   0x00000000   Code   RO          536    .ARM.Collect$$$$0000000F  mc_w.l(entry11a.o)
    0x00000294   0x00000294   0x00000004   Code   RO          525    .ARM.Collect$$$$00002712  mc_w.l(entry2.o)
    0x00000298   0x00000298   0x00000064   Code   RO          125    .text               lcd.o
    0x000002fc   0x000002fc   0x000000c0   Code   RO          128    .text               print.o
    0x000003bc   0x000003bc   0x00000024   Code   RO          538    .text               mc_w.l(init.o)
    0x000003e0   0x000003e0   0x00000056   Code   RO          548    .text               mc_w.l(__dczerorl2.o)
    0x00000436   0x00000436   0x00000002   PAD
    0x00000438   0x00000438   0x0000002c   Code   RO           41    i.ADC_In            adc.o
    0x00000464   0x00000464   0x000000b8   Code   RO           42    i.ADC_Init          adc.o
    0x0000051c   0x0000051c   0x0000009c   Code   RO          418    i.Convert           etterna.o
    0x000005b8   0x000005b8   0x00000040   Code   RO           16    i.DAC_Init          dac.o
    0x000005f8   0x000005f8   0x0000000c   Code   RO           17    i.DAC_Out           dac.o
    0x00000604   0x00000604   0x00000020   Code   RO          131    i.Delay1ms          st7735.o
    0x00000624   0x00000624   0x00000054   Code   RO          466    i.IO_Choice         io.o
    0x00000678   0x00000678   0x000000ac   Code   RO          468    i.IO_Init           io.o
    0x00000724   0x00000724   0x00000040   Code   RO          469    i.IO_Reset          io.o
    0x00000764   0x00000764   0x00000034   Code   RO          470    i.IO_Touch          io.o
    0x00000798   0x00000798   0x0000001c   Code   RO          419    i.Init              etterna.o
    0x000007b4   0x000007b4   0x0000007c   Code   RO          403    i.PLL_Init          pll.o
    0x00000830   0x00000830   0x00000120   Code   RO          138    i.ST7735_DrawBitmap  st7735.o
    0x00000950   0x00000950   0x000000f8   Code   RO          140    i.ST7735_DrawCharS  st7735.o
    0x00000a48   0x00000a48   0x00000054   Code   RO          143    i.ST7735_DrawPicture  st7735.o
    0x00000a9c   0x00000a9c   0x00000048   Code   RO          144    i.ST7735_DrawPixel  st7735.o
    0x00000ae4   0x00000ae4   0x00000056   Code   RO          145    i.ST7735_DrawString  st7735.o
    0x00000b3a   0x00000b3a   0x00000002   PAD
    0x00000b3c   0x00000b3c   0x000000ac   Code   RO          146    i.ST7735_FillRect   st7735.o
    0x00000be8   0x00000be8   0x00000024   Code   RO          147    i.ST7735_FillScreen  st7735.o
    0x00000c0c   0x00000c0c   0x0000007c   Code   RO          149    i.ST7735_InitR      st7735.o
    0x00000c88   0x00000c88   0x000000d4   Code   RO          151    i.ST7735_OutChar    st7735.o
    0x00000d5c   0x00000d5c   0x00000018   Code   RO          152    i.ST7735_OutString  st7735.o
    0x00000d74   0x00000d74   0x00000020   Code   RO          162    i.ST7735_SetCursor  st7735.o
    0x00000d94   0x00000d94   0x0000000c   Code   RO          164    i.ST7735_SetTextColor  st7735.o
    0x00000da0   0x00000da0   0x000000f0   Code   RO           59    i.Timer0A_Handler   timer0.o
    0x00000e90   0x00000e90   0x00000054   Code   RO           60    i.Timer0_Init       timer0.o
    0x00000ee4   0x00000ee4   0x00000098   Code   RO           86    i.Timer1A_Handler   timer1.o
    0x00000f7c   0x00000f7c   0x00000058   Code   RO           87    i.Timer1_Init       timer1.o
    0x00000fd4   0x00000fd4   0x0000000e   Code   RO          542    i.__scatterload_copy  mc_w.l(handlers.o)
    0x00000fe2   0x00000fe2   0x00000002   Code   RO          543    i.__scatterload_null  mc_w.l(handlers.o)
    0x00000fe4   0x00000fe4   0x0000000e   Code   RO          544    i.__scatterload_zeroinit  mc_w.l(handlers.o)
    0x00000ff2   0x00000ff2   0x00000056   Code   RO          166    i.commandList       st7735.o
    0x00001048   0x00001048   0x00000188   Code   RO          167    i.commonInit        st7735.o
    0x000011d0   0x000011d0   0x0000017c   Code   RO          502    i.isTouch           arrow.o
    0x0000134c   0x0000134c   0x00000a98   Code   RO          420    i.main              etterna.o
    0x00001de4   0x00001de4   0x00000012   Code   RO          172    i.pushColor         st7735.o
    0x00001df6   0x00001df6   0x00000002   PAD
    0x00001df8   0x00001df8   0x00000074   Code   RO          173    i.setAddrWindow     st7735.o
    0x00001e6c   0x00001e6c   0x00032a71   Data   RO          109    .constdata          sound.o
    0x000348dd   0x000348dd   0x000007e2   Data   RO          175    .constdata          st7735.o
    0x000350bf   0x000350bf   0x00000001   PAD
    0x000350c0   0x000350c0   0x000069e0   Data   RO          421    .constdata          etterna.o
    0x0003baa0   0x0003baa0   0x00000020   Data   RO          540    Region$$Table       anon$$obj.o


    Execution Region ER_RW (Exec base: 0x20000000, Load base: 0x0003bac0, Size: 0x000001dc, Max: 0xffffffff, ABSOLUTE, COMPRESSED[0x0000008c])

    Exec Addr    Load Addr    Size         Type   Attr      Idx    E Section Name        Object

    0x20000000   COMPRESSED   0x00000008   Data   RW           88    .data               timer1.o
    0x20000008   COMPRESSED   0x00000004   Data   RW          110    .data               sound.o
    0x2000000c   COMPRESSED   0x0000002c   Data   RW          176    .data               st7735.o
    0x20000038   COMPRESSED   0x00000020   Data   RW          422    .data               etterna.o
    0x20000058   COMPRESSED   0x00000184   Data   RW          504    .data               arrow.o


    Execution Region ER_ZI (Exec base: 0x200001dc, Load base: 0x0003bb4c, Size: 0x00000414, Max: 0xffffffff, ABSOLUTE)

    Exec Addr    Load Addr    Size         Type   Attr      Idx    E Section Name        Object

    0x200001dc        -       0x00000010   Zero   RW          503    .bss                arrow.o
    0x200001ec   0x0003bb4c   0x00000004   PAD
    0x200001f0        -       0x00000400   Zero   RW            1    STACK               startup.o


==============================================================================

Image component sizes


      Code (inc. data)   RO Data    RW Data    ZI Data      Debug   Object Name

       228         30          0          0          0       1040   adc.o
       380         22          0        388         16       2163   arrow.o
        76         18          0          0          0       5381   dac.o
      2896        484      27104         32          0       4682   etterna.o
       372         64          0          0          0       1964   io.o
       100         14          0          0          0        240   lcd.o
       124          4          0          0          0        491   pll.o
       192          0          0          0          0        268   print.o
         0          0     207473          4          0        630   sound.o
      2034        190       2018         44          0      15233   st7735.o
       644        620          0          0       1024        780   startup.o
       324         66          0          0          0        992   timer0.o
       240         48          0          8          0       1229   timer1.o

    ----------------------------------------------------------------------
      7614       1560     236628        476       1044      35093   Object Totals
         0          0         32          0          0          0   (incl. Generated)
         4          0          1          0          4          0   (incl. Padding)

    ----------------------------------------------------------------------

      Code (inc. data)   RO Data    RW Data    ZI Data      Debug   Library Member Name

        86          0          0          0          0          0   __dczerorl2.o
         0          0          0          0          0          0   entry.o
         0          0          0          0          0          0   entry10a.o
         0          0          0          0          0          0   entry11a.o
         8          4          0          0          0          0   entry2.o
         4          0          0          0          0          0   entry5.o
         0          0          0          0          0          0   entry7b.o
         0          0          0          0          0          0   entry8b.o
         8          4          0          0          0          0   entry9a.o
        30          0          0          0          0          0   handlers.o
        36          8          0          0          0         68   init.o

    ----------------------------------------------------------------------
       174         16          0          0          0         68   Library Totals
         2          0          0          0          0          0   (incl. Padding)

    ----------------------------------------------------------------------

      Code (inc. data)   RO Data    RW Data    ZI Data      Debug   Library Name

       172         16          0          0          0         68   mc_w.l

    ----------------------------------------------------------------------
       174         16          0          0          0         68   Library Totals

    ----------------------------------------------------------------------

==============================================================================


      Code (inc. data)   RO Data    RW Data    ZI Data      Debug   

      7788       1576     236628        476       1044      32545   Grand Totals
      7788       1576     236628        140       1044      32545   ELF Image Totals (compressed)
      7788       1576     236628        140          0          0   ROM Totals

==============================================================================

    Total RO  Size (Code + RO Data)               244416 ( 238.69kB)
    Total RW  Size (RW Data + ZI Data)              1520 (   1.48kB)
    Total ROM Size (Code + RO Data + RW Data)     244556 ( 238.82kB)

==============================================================================

